{
	"$schema": "http://json-schema.org/draft-07/schema#",
	"additionalProperties": true,
	"properties": {
		"a_complex_condition_with_complex_error_message": {
			"anyOf": [
				{
					"title": "null",
					"type": "null"
				},
				{
					"items": {
						"type": "string"
					},
					"title": "array",
					"type": "array"
				}
			],
			"default": [],
			"description": "A list of names that must be 3-24 lowercase letters and numbers.",
			"title": "a_complex_condition_with_complex_error_message: Select a type"
		},
		"a_list_maximum_minimum_length": {
			"anyOf": [
				{
					"title": "null",
					"type": "null"
				},
				{
					"items": {
						"type": "string"
					},
					"title": "array",
					"type": "array"
				}
			],
			"default": [
				"a"
			],
			"description": "A list variable that must have a length greater than 0 and less than 10",
			"maxItems": 9,
			"minItems": 1,
			"title": "a_list_maximum_minimum_length: Select a type"
		},
		"a_map_maximum_minimum_entries": {
			"anyOf": [
				{
					"title": "null",
					"type": "null"
				},
				{
					"additionalProperties": {
						"type": "string"
					},
					"title": "object",
					"type": "object"
				}
			],
			"default": {
				"a": "a"
			},
			"description": "A map variable that must have greater than 0 and less than 10 entries",
			"maxProperties": 9,
			"minProperties": 1,
			"title": "a_map_maximum_minimum_entries: Select a type"
		},
		"a_number_enum_kind_1": {
			"anyOf": [
				{
					"title": "null",
					"type": "null"
				},
				{
					"title": "number",
					"type": "number"
				}
			],
			"default": 1,
			"description": "A number variable that must be one of the values 1, 2, or 3",
			"enum": [
				1,
				2,
				3
			],
			"title": "a_number_enum_kind_1: Select a type"
		},
		"a_number_enum_kind_2": {
			"anyOf": [
				{
					"title": "null",
					"type": "null"
				},
				{
					"title": "number",
					"type": "number"
				}
			],
			"default": 1,
			"description": "A number variable that must be one of the values 1, 2, or 3",
			"enum": [
				1,
				2,
				3
			],
			"title": "a_number_enum_kind_2: Select a type"
		},
		"a_number_exclusive_maximum_minimum": {
			"anyOf": [
				{
					"title": "null",
					"type": "null"
				},
				{
					"title": "number",
					"type": "number"
				}
			],
			"default": 1,
			"description": "A number variable that must be greater than 0 and less than 10",
			"exclusiveMaximum": 10,
			"exclusiveMinimum": 0,
			"title": "a_number_exclusive_maximum_minimum: Select a type"
		},
		"a_number_maximum_minimum": {
			"anyOf": [
				{
					"title": "null",
					"type": "null"
				},
				{
					"title": "number",
					"type": "number"
				}
			],
			"default": 0,
			"description": "A number variable that must be between 0 and 10 (inclusive)",
			"maximum": 10,
			"minimum": 0,
			"title": "a_number_maximum_minimum: Select a type"
		},
		"a_set_maximum_minimum_items": {
			"anyOf": [
				{
					"title": "null",
					"type": "null"
				},
				{
					"items": {
						"type": "string"
					},
					"title": "array",
					"type": "array",
					"uniqueItems": true
				}
			],
			"default": [
				"a"
			],
			"description": "A set variable that must have a length greater than 0 and less than 10",
			"maxItems": 9,
			"minItems": 1,
			"title": "a_set_maximum_minimum_items: Select a type"
		},
		"a_string_enum_escaped_characters_kind_1": {
			"anyOf": [
				{
					"title": "null",
					"type": "null"
				},
				{
					"title": "string",
					"type": "string"
				}
			],
			"default": "\\",
			"description": "A string variable that must some complicated escaped characters",
			"enum": [
				"\\",
				"\"",
				"\\\"",
				"${abc}",
				"\n",
				"\t",
				"10%",
				"10%%",
				"$a",
				"$$a",
				"\r",
				"\\r",
				null,
				"<",
				">",
				"&"
			],
			"title": "a_string_enum_escaped_characters_kind_1: Select a type"
		},
		"a_string_enum_escaped_characters_kind_2": {
			"anyOf": [
				{
					"title": "null",
					"type": "null"
				},
				{
					"title": "string",
					"type": "string"
				}
			],
			"default": "\"",
			"description": "A string variable that must some complicated escaped characters",
			"enum": [
				"\\",
				"\"",
				"\\\"",
				"${abc}",
				"\n",
				"\t",
				"10%",
				"10%%",
				"$a",
				"$$a",
				"\r",
				"\\r",
				null,
				"<",
				">",
				"&"
			],
			"title": "a_string_enum_escaped_characters_kind_2: Select a type"
		},
		"a_string_enum_kind_1": {
			"anyOf": [
				{
					"title": "null",
					"type": "null"
				},
				{
					"title": "string",
					"type": "string"
				}
			],
			"default": "a",
			"description": "A string variable that must be one of the values 'a', 'b', or 'c'",
			"enum": [
				"a",
				"b",
				"c"
			],
			"title": "a_string_enum_kind_1: Select a type"
		},
		"a_string_enum_kind_2": {
			"anyOf": [
				{
					"title": "null",
					"type": "null"
				},
				{
					"title": "string",
					"type": "string"
				}
			],
			"default": "a",
			"description": "A string variable that must be one of the values 'a', 'b', or 'c'",
			"enum": [
				"a",
				"b",
				"c"
			],
			"title": "a_string_enum_kind_2: Select a type"
		},
		"a_string_length_over_defined": {
			"anyOf": [
				{
					"title": "null",
					"type": "null"
				},
				{
					"title": "string",
					"type": "string"
				}
			],
			"default": "a",
			"description": "A string variable that must have length 4",
			"maxLength": 4,
			"minLength": 4,
			"title": "a_string_length_over_defined: Select a type"
		},
		"a_string_maximum_minimum_length": {
			"anyOf": [
				{
					"title": "null",
					"type": "null"
				},
				{
					"title": "string",
					"type": "string"
				}
			],
			"default": "a",
			"description": "A string variable that must have a length less than 10 and greater than 0",
			"maxLength": 9,
			"minLength": 1,
			"title": "a_string_maximum_minimum_length: Select a type"
		},
		"a_string_multiple_validation_conditions": {
			"anyOf": [
				{
					"title": "null",
					"type": "null"
				},
				{
					"title": "string",
					"type": "string"
				}
			],
			"default": "hello",
			"description": "A string which has a minimum and maximum length, defined as 2 separate validation blocks",
			"maxLength": 7,
			"minLength": 2,
			"title": "a_string_multiple_validation_conditions: Select a type"
		},
		"a_string_pattern_1": {
			"anyOf": [
				{
					"title": "null",
					"type": "null"
				},
				{
					"title": "string",
					"type": "string"
				}
			],
			"default": "1.1.1.1",
			"description": "A string variable that must be a valid IPv4 address",
			"pattern": "^[0-9]{1,3}(\\.[0-9]{1,3}){3}$",
			"title": "a_string_pattern_1: Select a type"
		},
		"a_string_pattern_2": {
			"anyOf": [
				{
					"title": "null",
					"type": "null"
				},
				{
					"title": "string",
					"type": "string"
				}
			],
			"default": "#000000",
			"description": "string that must be a valid colour hex code in the form #RRGGBB",
			"pattern": "^#[0-9a-fA-F]{6}$",
			"title": "a_string_pattern_2: Select a type"
		},
		"a_string_set_length": {
			"anyOf": [
				{
					"title": "null",
					"type": "null"
				},
				{
					"title": "string",
					"type": "string"
				}
			],
			"default": "abcd",
			"description": "A string variable that must have length 4",
			"maxLength": 4,
			"minLength": 4,
			"title": "a_string_set_length: Select a type"
		},
		"an_object_maximum_minimum_items": {
			"anyOf": [
				{
					"title": "null",
					"type": "null"
				},
				{
					"additionalProperties": true,
					"properties": {
						"name": {
							"type": "string"
						}
					},
					"required": [
						"name"
					],
					"title": "object",
					"type": "object"
				}
			],
			"default": {
				"name": "a",
				"other_field": "b"
			},
			"description": "An object variable that must have fewer than 3 properties",
			"maxProperties": 2,
			"minProperties": 1,
			"title": "an_object_maximum_minimum_items: Select a type"
		}
	},
	"required": [],
	"type": "object"
}
