{
    "$schema": "../schema.json",
    "a_bool": true,
    "a_list": [
        "d",
        "e",
        "f"
    ],
    "a_map_of_strings": {
        "d": "d",
        "e": "e",
        "f": "f"
    },
    "a_nullable_string": "Hello, World!",
    "a_number": 42,
    "a_set": [
        "d",
        "e",
        "f"
    ],
    "a_string": "Another string",
    "a_tuple": [
        "d",
        2,
        false
    ],
    "a_variable_in_another_file": "Yet another string",
    "an_object": {
        "a": "d",
        "b": 2,
        "c": false
    },
    "something_else": "string",
    "an_any_as_map": {},
    "an_any_as_list": [],
    "an_any_as_string": "string",
    "an_any_as_number": 5,
    "an_any_as_boolean": true,
    "a_list_of_any": [
        {},
        [],
        "string",
        5,
        true,
        null
    ],
    "a_map_of_any": {
        "map": {},
        "list": [],
        "string": "string",
        "number": 5,
        "boolean": true,
        "null": null
    },
    "a_set_of_any": [
        {},
        [],
        "string",
        5,
        true,
        null
    ],
    "an_unspecified_as_map": {},
    "an_unspecified_as_list": [],
    "an_unspecified_as_string": "string",
    "an_unspecified_as_number": 5,
    "an_unspecified_as_boolean": true
}