{
    "$schema": "../schema.json",
    "a_list_maximum_minimum_length": [
        "a",
        "b"
    ],
    "a_map_maximum_minimum_entries": {
        "a": "a",
        "b": "b"
    },
    "a_number_enum_kind_1": 1,
    "a_number_enum_kind_2": 2,
    "a_number_exclusive_maximum_minimum": 2,
    "a_number_maximum_minimum": 1,
    "a_set_maximum_minimum_items": [
        "a",
        "b"
    ],
    "a_string_enum_escaped_characters_kind_1": "${abc}",
    "a_string_enum_escaped_characters_kind_2": "\"",
    "a_string_enum_kind_1": "a",
    "a_string_enum_kind_2": "b",
    "a_string_length_over_defined": "abcd",
    "a_string_maximum_minimum_length": "a",
    "a_string_pattern_1": "1.1.1.1",
    "a_string_pattern_2": "#ae27ff",
    "a_string_set_length": "abcd",
    "an_object_maximum_minimum_items": {
        "name": "a",
        "other_name": "this is an additional property, terraform will ignore it"
    },
    "a_string_multiple_validation_conditions": "abcd",
    "a_complex_condition_with_complex_error_message": [
        "a",
        "b"
    ],
    "something_else": "string"
}
