{
    "$schema": "../schema.json",
    "a_list_maximum_minimum_length": [],
    "a_map_maximum_minimum_entries": {},
    "a_number_enum_kind_1": "1",
    "a_number_enum_kind_2": 5,
    "a_number_exclusive_maximum_minimum": 100,
    "a_number_maximum_minimum": 100,
    "a_set_maximum_minimum_items": [
        "a",
        "a",
        "a",
        "a",
        "a",
        "a",
        "a",
        "a",
        "a",
        "a"
    ],
    "a_string_enum_escaped_characters_kind_1": "\\\\",
    "a_string_enum_escaped_characters_kind_2": "\\t",
    "a_string_enum_kind_1": "d",
    "a_string_enum_kind_2": 1,
    "a_string_maximum_minimum_length": "abcdefghij",
    "a_string_pattern_1": "1.1.1.a",
    "a_string_pattern_2": "#bcdefg",
    "an_object_maximum_minimum_items": {
        "name": false,
        "number": 1,
        "large": false
    },
    "a_string_multiple_validation_conditions": "a",
    "a_complex_condition_with_complex_error_message": ["-"]
}
