{
    "$schema": "../schema.json",
    "a_list_maximum_minimum_length": null,
    "a_map_maximum_minimum_entries": null,
    "a_number_enum_kind_1": null,
    "a_number_enum_kind_2": null,
    "a_number_exclusive_maximum_minimum": null,
    "a_number_maximum_minimum": null,
    "a_set_maximum_minimum_items": null,
    "a_string_enum_escaped_characters_kind_1": null,
    "a_string_enum_escaped_characters_kind_2": null,
    "a_string_enum_kind_1": null,
    "a_string_enum_kind_2": null,
    "a_string_length_over_defined": null,
    "a_string_maximum_minimum_length": null,
    "a_string_pattern_1": null,
    "a_string_pattern_2": null,
    "a_string_set_length": null,
    "an_object_maximum_minimum_items": null,
    "a_string_multiple_validation_conditions": null,
    "a_complex_condition_with_complex_error_message": null
}
