{
	"$id": "http://example.com/schema",
	"$schema": "http://json-schema.org/draft-07/schema#",
	"additionalProperties": true,
	"properties": {
		"a_bool": {
			"default": false,
			"description": "This is a boolean",
			"type": "boolean"
		},
		"a_list": {
			"default": [
				"a",
				"b",
				"c"
			],
			"description": "This is a list of strings",
			"items": {
				"type": "string"
			},
			"type": "array"
		},
		"a_list_of_any": {
			"default": [
				"a",
				"b",
				"c"
			],
			"description": "This is a list of any",
			"items": {
				"anyOf": [
					{
						"additionalProperties": true,
						"title": "object",
						"type": "object"
					},
					{
						"title": "array",
						"type": "array"
					},
					{
						"title": "string",
						"type": "string"
					},
					{
						"title": "number",
						"type": "number"
					},
					{
						"title": "boolean",
						"type": "boolean"
					},
					{
						"title": "null",
						"type": "null"
					}
				]
			},
			"type": "array"
		},
		"a_map_of_any": {
			"additionalProperties": {
				"anyOf": [
					{
						"additionalProperties": true,
						"title": "object",
						"type": "object"
					},
					{
						"title": "array",
						"type": "array"
					},
					{
						"title": "string",
						"type": "string"
					},
					{
						"title": "number",
						"type": "number"
					},
					{
						"title": "boolean",
						"type": "boolean"
					},
					{
						"title": "null",
						"type": "null"
					}
				]
			},
			"default": {
				"a": "a",
				"b": "b",
				"c": "c"
			},
			"description": "This is a map of any",
			"type": "object"
		},
		"a_map_of_strings": {
			"additionalProperties": {
				"type": "string"
			},
			"default": {
				"a": "a",
				"b": "b",
				"c": "c"
			},
			"description": "This is a map of strings",
			"type": "object"
		},
		"a_nullable_string": {
			"description": "This is a nullable string",
			"oneOf": [
				{
					"title": "null",
					"type": "null"
				},
				{
					"title": "string",
					"type": "string"
				}
			],
			"title": "a_nullable_string: Select a type"
		},
		"a_number": {
			"description": "This is a number",
			"type": "number"
		},
		"a_set": {
			"default": [
				"a",
				"b",
				"c"
			],
			"description": "This is a set of strings",
			"items": {
				"type": "string"
			},
			"type": "array",
			"uniqueItems": true
		},
		"a_set_of_any": {
			"default": [
				"a",
				"b",
				"c"
			],
			"description": "This is a set of any",
			"items": {
				"anyOf": [
					{
						"additionalProperties": true,
						"title": "object",
						"type": "object"
					},
					{
						"title": "array",
						"type": "array"
					},
					{
						"title": "string",
						"type": "string"
					},
					{
						"title": "number",
						"type": "number"
					},
					{
						"title": "boolean",
						"type": "boolean"
					},
					{
						"title": "null",
						"type": "null"
					}
				]
			},
			"type": "array",
			"uniqueItems": true
		},
		"a_string": {
			"default": "a string",
			"description": "This is a string",
			"type": "string"
		},
		"a_tuple": {
			"default": [
				"a",
				1,
				true
			],
			"description": "This is a tuple",
			"items": [
				{
					"type": "string"
				},
				{
					"type": "number"
				},
				{
					"type": "boolean"
				}
			],
			"maxItems": 3,
			"minItems": 3,
			"type": "array"
		},
		"a_variable_in_another_file": {
			"default": "",
			"description": "a string",
			"type": "string"
		},
		"an_any_as_boolean": {
			"anyOf": [
				{
					"additionalProperties": true,
					"title": "object",
					"type": "object"
				},
				{
					"title": "array",
					"type": "array"
				},
				{
					"title": "string",
					"type": "string"
				},
				{
					"title": "number",
					"type": "number"
				},
				{
					"title": "boolean",
					"type": "boolean"
				}
			],
			"default": true,
			"description": "This is an any",
			"title": "an_any_as_boolean: Select a type"
		},
		"an_any_as_list": {
			"anyOf": [
				{
					"additionalProperties": true,
					"title": "object",
					"type": "object"
				},
				{
					"title": "array",
					"type": "array"
				},
				{
					"title": "string",
					"type": "string"
				},
				{
					"title": "number",
					"type": "number"
				},
				{
					"title": "boolean",
					"type": "boolean"
				}
			],
			"default": [],
			"description": "This is an any",
			"title": "an_any_as_list: Select a type"
		},
		"an_any_as_map": {
			"anyOf": [
				{
					"additionalProperties": true,
					"title": "object",
					"type": "object"
				},
				{
					"title": "array",
					"type": "array"
				},
				{
					"title": "string",
					"type": "string"
				},
				{
					"title": "number",
					"type": "number"
				},
				{
					"title": "boolean",
					"type": "boolean"
				}
			],
			"default": {},
			"description": "This is an any",
			"title": "an_any_as_map: Select a type"
		},
		"an_any_as_number": {
			"anyOf": [
				{
					"additionalProperties": true,
					"title": "object",
					"type": "object"
				},
				{
					"title": "array",
					"type": "array"
				},
				{
					"title": "string",
					"type": "string"
				},
				{
					"title": "number",
					"type": "number"
				},
				{
					"title": "boolean",
					"type": "boolean"
				}
			],
			"default": 1,
			"description": "This is an any",
			"title": "an_any_as_number: Select a type"
		},
		"an_any_as_string": {
			"anyOf": [
				{
					"additionalProperties": true,
					"title": "object",
					"type": "object"
				},
				{
					"title": "array",
					"type": "array"
				},
				{
					"title": "string",
					"type": "string"
				},
				{
					"title": "number",
					"type": "number"
				},
				{
					"title": "boolean",
					"type": "boolean"
				}
			],
			"default": "default",
			"description": "This is an any",
			"title": "an_any_as_string: Select a type"
		},
		"an_object": {
			"additionalProperties": true,
			"default": {
				"a": "a",
				"b": 1,
				"c": true
			},
			"description": "This is an object",
			"properties": {
				"a": {
					"type": "string"
				},
				"b": {
					"type": "number"
				},
				"c": {
					"type": "boolean"
				}
			},
			"required": [
				"a",
				"b",
				"c"
			],
			"type": "object"
		},
		"an_unspecified_as_boolean": {
			"anyOf": [
				{
					"additionalProperties": true,
					"title": "object",
					"type": "object"
				},
				{
					"title": "array",
					"type": "array"
				},
				{
					"title": "string",
					"type": "string"
				},
				{
					"title": "number",
					"type": "number"
				},
				{
					"title": "boolean",
					"type": "boolean"
				}
			],
			"default": true,
			"description": "This is an unspecified",
			"title": "an_unspecified_as_boolean: Select a type"
		},
		"an_unspecified_as_list": {
			"anyOf": [
				{
					"additionalProperties": true,
					"title": "object",
					"type": "object"
				},
				{
					"title": "array",
					"type": "array"
				},
				{
					"title": "string",
					"type": "string"
				},
				{
					"title": "number",
					"type": "number"
				},
				{
					"title": "boolean",
					"type": "boolean"
				}
			],
			"default": [],
			"description": "This is an unspecified",
			"title": "an_unspecified_as_list: Select a type"
		},
		"an_unspecified_as_map": {
			"anyOf": [
				{
					"additionalProperties": true,
					"title": "object",
					"type": "object"
				},
				{
					"title": "array",
					"type": "array"
				},
				{
					"title": "string",
					"type": "string"
				},
				{
					"title": "number",
					"type": "number"
				},
				{
					"title": "boolean",
					"type": "boolean"
				}
			],
			"default": {},
			"description": "This is an unspecified",
			"title": "an_unspecified_as_map: Select a type"
		},
		"an_unspecified_as_number": {
			"anyOf": [
				{
					"additionalProperties": true,
					"title": "object",
					"type": "object"
				},
				{
					"title": "array",
					"type": "array"
				},
				{
					"title": "string",
					"type": "string"
				},
				{
					"title": "number",
					"type": "number"
				},
				{
					"title": "boolean",
					"type": "boolean"
				}
			],
			"default": 1,
			"description": "This is an unspecified",
			"title": "an_unspecified_as_number: Select a type"
		},
		"an_unspecified_as_string": {
			"anyOf": [
				{
					"additionalProperties": true,
					"title": "object",
					"type": "object"
				},
				{
					"title": "array",
					"type": "array"
				},
				{
					"title": "string",
					"type": "string"
				},
				{
					"title": "number",
					"type": "number"
				},
				{
					"title": "boolean",
					"type": "boolean"
				}
			],
			"default": "default",
			"description": "This is an unspecified",
			"title": "an_unspecified_as_string: Select a type"
		}
	},
	"required": [
		"a_nullable_string",
		"a_number"
	],
	"title": "Example Schema",
	"type": "object"
}
